Resolving dependencies...
Downloading packages...
  _fe_analyzer_shared 92.0.0 (97.0.0 available)
  analyzer 9.0.0 (11.0.0 available)
  archive 4.0.7 (4.0.9 available)
  build_config 1.2.0 (1.3.0 available)
  build_runner 2.10.5 (2.12.1 available)
  built_value 8.12.3 (8.12.4 available)
  dart_style 3.1.3 (3.1.6 available)
  dbus 0.7.11 (0.7.12 available)
  dio 5.9.0 (5.9.2 available)
  dio_web_adapter 2.1.1 (2.1.2 available)
  ffi 2.1.5 (2.2.0 available)
  freezed 3.2.4 (3.2.5 available)
  get_it 9.2.0 (9.2.1 available)
  go_router 17.0.1 (17.1.0 available)
  hooks 1.0.0 (1.0.1 available)
  image 4.7.2 (4.8.0 available)
  injectable_generator 2.12.0 (2.12.1 available)
  json_annotation 4.9.0 (4.11.0 available)
  json_serializable 6.11.4 (6.13.0 available)
  lean_builder 0.1.6 (0.1.7 available)
  lints 6.0.0 (6.1.0 available)
  matcher 0.12.18 (0.12.19 available)
  meta 1.17.0 (1.18.1 available)
  objective_c 9.2.4 (9.3.0 available)
  petitparser 7.0.1 (7.0.2 available)
  posix 6.0.3 (6.5.0 available)
  source_span 1.10.1 (1.10.2 available)
  test_api 0.7.9 (0.7.10 available)
  uuid 4.5.2 (4.5.3 available)
  vector_graphics_compiler 1.1.20 (1.2.0 available)
  watcher 1.1.4 (1.2.1 available)
  win32 5.15.0 (6.0.0 available)
Got dependencies!
32 packages have newer versions incompatible with dependency constraints.
Try `flutter pub outdated` for more information.
Launching lib\main.dart on Windows in debug mode...
Building Windows application...                                 
flutter : lib/features/auth/p
resentation/pages/sign_in_pag
e.dart(124,46): error 
G4127D1E8: The getter 'l10n' 
isn't defined for the type 
'_SignInPageState'. [C:\Users
\Administrator\Desktop\Sanzen
-app-new\frontend\build\windo
ws\x64\flutter\flutter_assemb
le.vcxproj]
At line:1 char:1
+ flutter run -d windows > 
build_output.txt 2>&1
+ ~~~~~~~~~~~~~~~~~~~~~~~~~~~
~~~~~~~~~~~~~~~~~~~
    + CategoryInfo           
   : NotSpecified: (lib/fea  
  tures/au...semble.vcxpro   
 j]:String) [], RemoteExc    
eption
    + FullyQualifiedErrorId  
   : NativeCommandError
 
lib/features/auth/presentatio
n/pages/sign_in_page.dart(133
,18): error G4127D1E8: The 
getter 'AppLocalizations' 
isn't defined for the type 
'_SignInPageState'. [C:\Users
\Administrator\Desktop\Sanzen
-app-new\frontend\build\windo
ws\x64\flutter\flutter_assemb
le.vcxproj]
lib/features/auth/presentatio
n/pages/sign_in_page.dart(371
,19): error G4127D1E8: The 
getter 'l10n' isn't defined 
for the type 
'_SignInPageState'. [C:\Users
\Administrator\Desktop\Sanzen
-app-new\frontend\build\windo
ws\x64\flutter\flutter_assemb
le.vcxproj]
lib/features/home/presentatio
n/pages/help_support_page.dar
t(50,21): error G4020727C: 
Not a constant expression. [C
:\Users\Administrator\Desktop
\Sanzen-app-new\frontend\buil
d\windows\x64\flutter\flutter
_assemble.vcxproj]
lib/features/home/presentatio
n/pages/notification_preferen
ces_page.dart(33,11): error 
G4127D1E8: The getter 'l10n' 
isn't defined for the type '_
NotificationPreferencesPageSt
ate'. [C:\Users\Administrator
\Desktop\Sanzen-app-new\front
end\build\windows\x64\flutter
\flutter_assemble.vcxproj]
lib/features/home/presentatio
n/pages/notification_preferen
ces_page.dart(49,22): error 
G4127D1E8: The getter 'l10n' 
isn't defined for the type '_
NotificationPreferencesPageSt
ate'. [C:\Users\Administrator
\Desktop\Sanzen-app-new\front
end\build\windows\x64\flutter
\flutter_assemble.vcxproj]
lib/features/home/presentatio
n/pages/notification_preferen
ces_page.dart(56,28): error 
G4127D1E8: The getter 'l10n' 
isn't defined for the type '_
NotificationPreferencesPageSt
ate'. [C:\Users\Administrator
\Desktop\Sanzen-app-new\front
end\build\windows\x64\flutter
\flutter_assemble.vcxproj]
lib/features/home/presentatio
n/pages/notification_preferen
ces_page.dart(57,31): error 
G4127D1E8: The getter 'l10n' 
isn't defined for the type '_
NotificationPreferencesPageSt
ate'. [C:\Users\Administrator
\Desktop\Sanzen-app-new\front
end\build\windows\x64\flutter
\flutter_assemble.vcxproj]
lib/features/home/presentatio
n/pages/notification_preferen
ces_page.dart(66,28): error 
G4127D1E8: The getter 'l10n' 
isn't defined for the type '_
NotificationPreferencesPageSt
ate'. [C:\Users\Administrator
\Desktop\Sanzen-app-new\front
end\build\windows\x64\flutter
\flutter_assemble.vcxproj]
lib/features/home/presentatio
n/pages/notification_preferen
ces_page.dart(67,31): error 
G4127D1E8: The getter 'l10n' 
isn't defined for the type '_
NotificationPreferencesPageSt
ate'. [C:\Users\Administrator
\Desktop\Sanzen-app-new\front
end\build\windows\x64\flutter
\flutter_assemble.vcxproj]
lib/features/home/presentatio
n/pages/notification_preferen
ces_page.dart(76,28): error 
G4127D1E8: The getter 'l10n' 
isn't defined for the type '_
NotificationPreferencesPageSt
ate'. [C:\Users\Administrator
\Desktop\Sanzen-app-new\front
end\build\windows\x64\flutter
\flutter_assemble.vcxproj]
lib/features/home/presentatio
n/pages/notification_preferen
ces_page.dart(77,31): error 
G4127D1E8: The getter 'l10n' 
isn't defined for the type '_
NotificationPreferencesPageSt
ate'. [C:\Users\Administrator
\Desktop\Sanzen-app-new\front
end\build\windows\x64\flutter
\flutter_assemble.vcxproj]
lib/features/home/presentatio
n/pages/notification_preferen
ces_page.dart(86,28): error 
G4127D1E8: The getter 'l10n' 
isn't defined for the type '_
NotificationPreferencesPageSt
ate'. [C:\Users\Administrator
\Desktop\Sanzen-app-new\front
end\build\windows\x64\flutter
\flutter_assemble.vcxproj]
lib/features/home/presentatio
n/pages/notification_preferen
ces_page.dart(87,31): error 
G4127D1E8: The getter 'l10n' 
isn't defined for the type '_
NotificationPreferencesPageSt
ate'. [C:\Users\Administrator
\Desktop\Sanzen-app-new\front
end\build\windows\x64\flutter
\flutter_assemble.vcxproj]
lib/features/home/presentatio
n/pages/notification_preferen
ces_page.dart(96,28): error 
G4127D1E8: The getter 'l10n' 
isn't defined for the type '_
NotificationPreferencesPageSt
ate'. [C:\Users\Administrator
\Desktop\Sanzen-app-new\front
end\build\windows\x64\flutter
\flutter_assemble.vcxproj]
lib/features/home/presentatio
n/pages/notification_preferen
ces_page.dart(97,31): error 
G4127D1E8: The getter 'l10n' 
isn't defined for the type '_
NotificationPreferencesPageSt
ate'. [C:\Users\Administrator
\Desktop\Sanzen-app-new\front
end\build\windows\x64\flutter
\flutter_assemble.vcxproj]
lib/features/home/presentatio
n/pages/notification_preferen
ces_page.dart(108,22): error 
G4127D1E8: The getter 'l10n' 
isn't defined for the type '_
NotificationPreferencesPageSt
ate'. [C:\Users\Administrator
\Desktop\Sanzen-app-new\front
end\build\windows\x64\flutter
\flutter_assemble.vcxproj]
lib/features/home/presentatio
n/pages/notification_preferen
ces_page.dart(115,28): error 
G4127D1E8: The getter 'l10n' 
isn't defined for the type '_
NotificationPreferencesPageSt
ate'. [C:\Users\Administrator
\Desktop\Sanzen-app-new\front
end\build\windows\x64\flutter
\flutter_assemble.vcxproj]
lib/features/home/presentatio
n/pages/notification_preferen
ces_page.dart(116,31): error 
G4127D1E8: The getter 'l10n' 
isn't defined for the type '_
NotificationPreferencesPageSt
ate'. [C:\Users\Administrator
\Desktop\Sanzen-app-new\front
end\build\windows\x64\flutter
\flutter_assemble.vcxproj]
lib/features/home/presentatio
n/pages/notification_preferen
ces_page.dart(125,28): error 
G4127D1E8: The getter 'l10n' 
isn't defined for the type '_
NotificationPreferencesPageSt
ate'. [C:\Users\Administrator
\Desktop\Sanzen-app-new\front
end\build\windows\x64\flutter
\flutter_assemble.vcxproj]
lib/features/home/presentatio
n/pages/notification_preferen
ces_page.dart(126,31): error 
G4127D1E8: The getter 'l10n' 
isn't defined for the type '_
NotificationPreferencesPageSt
ate'. [C:\Users\Administrator
\Desktop\Sanzen-app-new\front
end\build\windows\x64\flutter
\flutter_assemble.vcxproj]
lib/features/properties/prese
ntation/pages/properties_page
.dart(55,17): error 
G4020727C: Not a constant 
expression. [C:\Users\Adminis
trator\Desktop\Sanzen-app-new
\frontend\build\windows\x64\f
lutter\flutter_assemble.vcxpr
oj]
lib/features/properties/prese
ntation/pages/properties_page
.dart(64,22): error 
G4020727C: Not a constant 
expression. [C:\Users\Adminis
trator\Desktop\Sanzen-app-new
\frontend\build\windows\x64\f
lutter\flutter_assemble.vcxpr
oj]
lib/features/properties/prese
ntation/pages/properties_page
.dart(109,20): error 
G4127D1E8: The getter 'l10n' 
isn't defined for the type 
'_PropertiesPageState'. [C:\U
sers\Administrator\Desktop\Sa
nzen-app-new\frontend\build\w
indows\x64\flutter\flutter_as
semble.vcxproj]
lib/features/properties/prese
ntation/pages/properties_page
.dart(117,20): error 
G4127D1E8: The getter 'l10n' 
isn't defined for the type 
'_PropertiesPageState'. [C:\U
sers\Administrator\Desktop\Sa
nzen-app-new\frontend\build\w
indows\x64\flutter\flutter_as
semble.vcxproj]
lib/features/properties/prese
ntation/pages/properties_page
.dart(125,20): error 
G4127D1E8: The getter 'l10n' 
isn't defined for the type 
'_PropertiesPageState'. [C:\U
sers\Administrator\Desktop\Sa
nzen-app-new\frontend\build\w
indows\x64\flutter\flutter_as
semble.vcxproj]
lib/features/properties/prese
ntation/pages/properties_page
.dart(259,19): error 
G4127D1E8: The getter 'l10n' 
isn't defined for the type 
'_PropertiesPageState'. [C:\U
sers\Administrator\Desktop\Sa
nzen-app-new\frontend\build\w
indows\x64\flutter\flutter_as
semble.vcxproj]
lib/features/properties/prese
ntation/pages/properties_page
.dart(262,21): error 
G4127D1E8: The getter 'l10n' 
isn't defined for the type 
'_PropertiesPageState'. [C:\U
sers\Administrator\Desktop\Sa
nzen-app-new\frontend\build\w
indows\x64\flutter\flutter_as
semble.vcxproj]
lib/features/properties/prese
ntation/pages/properties_page
.dart(273,19): error 
G4127D1E8: The getter 'l10n' 
isn't defined for the type 
'_PropertiesPageState'. [C:\U
sers\Administrator\Desktop\Sa
nzen-app-new\frontend\build\w
indows\x64\flutter\flutter_as
semble.vcxproj]
lib/features/properties/prese
ntation/pages/properties_page
.dart(276,21): error 
G4127D1E8: The getter 'l10n' 
isn't defined for the type 
'_PropertiesPageState'. [C:\U
sers\Administrator\Desktop\Sa
nzen-app-new\frontend\build\w
indows\x64\flutter\flutter_as
semble.vcxproj]
lib/features/properties/prese
ntation/pages/properties_page
.dart(451,25): error 
G4127D1E8: The getter 'l10n' 
isn't defined for the type 
'_PropertiesPageState'. [C:\U
sers\Administrator\Desktop\Sa
nzen-app-new\frontend\build\w
indows\x64\flutter\flutter_as
semble.vcxproj]
lib/features/properties/prese
ntation/pages/properties_page
.dart(520,29): error 
G4127D1E8: The getter 'l10n' 
isn't defined for the type 
'_PropertiesPageState'. [C:\U
sers\Administrator\Desktop\Sa
nzen-app-new\frontend\build\w
indows\x64\flutter\flutter_as
semble.vcxproj]
lib/features/home/presentatio
n/pages/documents_page.dart(8
6,7): error G25387D61: 
Expected an identifier, but 
got ')'. [C:\Users\Administra
tor\Desktop\Sanzen-app-new\fr
ontend\build\windows\x64\flut
ter\flutter_assemble.vcxproj]
lib/features/home/presentatio
n/pages/documents_page.dart(8
6,7): error G67247B7E: 
Expected ']' before this. [C:
\Users\Administrator\Desktop\
Sanzen-app-new\frontend\build
\windows\x64\flutter\flutter_
assemble.vcxproj]
C:\Program Files 
(x86)\Microsoft Visual Studio
\2022\BuildTools\MSBuild\Micr
osoft\VC\v170\Microsoft.CppCo
mmon.targets(254,5): error 
MSB8066: Custom build for 'C:
\Users\Administrator\Desktop\
Sanzen-app-new\frontend\build
\windows\x64\CMakeFiles\d02a6
f9f60fd98fbe9c066feaf8e75fb\f
lutter_windows.dll.rule;C:\Us
ers\Administrator\Desktop\San
zen-app-new\frontend\build\wi
ndows\x64\CMakeFiles\1b4ba28e
b49a9bc2d4ccc33138871d55\flut
ter_assemble.rule' exited 
with code 1. [C:\Users\Admini
strator\Desktop\Sanzen-app-ne
w\frontend\build\windows\x64\
flutter\flutter_assemble.vcxp
roj]
Building Windows application...                                     5.8s
Error: Build process failed.
