Analyzing frontend...

  error - lib\core\services\api_service.dart:95:18 - Undefined name 'e'. Try correcting the name to one that is defined, or defining the name. - undefined_identifier
  error - lib\features\home\presentation\pages\edit_profile_page.dart:5:31 - Classes can only extend other classes. Try specifying a different superclass, or removing the extends clause. - extends_non_class
  error - lib\features\home\presentation\pages\edit_profile_page.dart:6:32 - No associated named super constructor parameter. Try changing the name to the name of an existing named super constructor parameter, or creating such named parameter. - super_formal_parameter_without_associated_named
  error - lib\features\home\presentation\pages\edit_profile_page.dart:9:3 - Undefined class 'State'. Try changing the name to the name of an existing class, or creating a class with the name 'State'. - undefined_class
  error - lib\features\home\presentation\pages\edit_profile_page.dart:12:37 - Classes can only extend other classes. Try specifying a different superclass, or removing the extends clause. - extends_non_class
  error - lib\features\home\presentation\pages\edit_profile_page.dart:13:27 - The method 'TextEditingController' isn't defined for the type '_EditProfilePageState'. Try correcting the name to the name of an existing method, or defining a method named 'TextEditingController'. - undefined_method
  error - lib\features\home\presentation\pages\edit_profile_page.dart:14:28 - The method 'TextEditingController' isn't defined for the type '_EditProfilePageState'. Try correcting the name to the name of an existing method, or defining a method named 'TextEditingController'. - undefined_method
  error - lib\features\home\presentation\pages\edit_profile_page.dart:15:28 - The method 'TextEditingController' isn't defined for the type '_EditProfilePageState'. Try correcting the name to the name of an existing method, or defining a method named 'TextEditingController'. - undefined_method
  error - lib\features\home\presentation\pages\edit_profile_page.dart:16:30 - The method 'TextEditingController' isn't defined for the type '_EditProfilePageState'. Try correcting the name to the name of an existing method, or defining a method named 'TextEditingController'. - undefined_method
  error - lib\features\home\presentation\pages\edit_profile_page.dart:25:11 - The method 'initState' isn't defined in a superclass of '_EditProfilePageState'. Try correcting the name to the name of an existing method, or defining a method named 'initState' in a superclass. - undefined_super_member
  error - lib\features\home\presentation\pages\edit_profile_page.dart:31:9 - Undefined name 'mounted'. Try correcting the name to one that is defined, or defining the name. - undefined_identifier
  error - lib\features\home\presentation\pages\edit_profile_page.dart:32:7 - The method 'setState' isn't defined for the type '_EditProfilePageState'. Try correcting the name to the name of an existing method, or defining a method named 'setState'. - undefined_method
  error - lib\features\home\presentation\pages\edit_profile_page.dart:56:5 - The method 'setState' isn't defined for the type '_EditProfilePageState'. Try correcting the name to the name of an existing method, or defining a method named 'setState'. - undefined_method
  error - lib\features\home\presentation\pages\edit_profile_page.dart:84:13 - Undefined name 'mounted'. Try correcting the name to one that is defined, or defining the name. - undefined_identifier
  error - lib\features\home\presentation\pages\edit_profile_page.dart:85:11 - Undefined name 'ScaffoldMessenger'. Try correcting the name to one that is defined, or defining the name. - undefined_identifier
  error - lib\features\home\presentation\pages\edit_profile_page.dart:85:32 - Undefined name 'context'. Try correcting the name to one that is defined, or defining the name. - undefined_identifier
  error - lib\features\home\presentation\pages\edit_profile_page.dart:86:13 - The method 'SnackBar' isn't defined for the type '_EditProfilePageState'. Try correcting the name to the name of an existing method, or defining a method named 'SnackBar'. - undefined_method
  error - lib\features\home\presentation\pages\edit_profile_page.dart:87:30 - The name 'Text' isn't a class. Try correcting the name to match an existing class. - creation_with_non_type
  error - lib\features\home\presentation\pages\edit_profile_page.dart:89:25 - Undefined name 'SnackBarBehavior'. Try correcting the name to one that is defined, or defining the name. - undefined_identifier
  error - lib\features\home\presentation\pages\edit_profile_page.dart:90:22 - The method 'RoundedRectangleBorder' isn't defined for the type '_EditProfilePageState'. Try correcting the name to the name of an existing method, or defining a method named 'RoundedRectangleBorder'. - undefined_method
  error - lib\features\home\presentation\pages\edit_profile_page.dart:90:59 - Undefined name 'BorderRadius'. Try correcting the name to one that is defined, or defining the name. - undefined_identifier
  error - lib\features\home\presentation\pages\edit_profile_page.dart:93:11 - Undefined name 'Navigator'. Try correcting the name to one that is defined, or defining the name. - undefined_identifier
  error - lib\features\home\presentation\pages\edit_profile_page.dart:93:25 - Undefined name 'context'. Try correcting the name to one that is defined, or defining the name. - undefined_identifier
  error - lib\features\home\presentation\pages\edit_profile_page.dart:95:7 - Expected to find '}'. - expected_token
  error - lib\features\home\presentation\pages\edit_profile_page.dart:99:11 - Undefined name 'mounted'. Try correcting the name to one that is defined, or defining the name. - undefined_identifier
  error - lib\features\home\presentation\pages\edit_profile_page.dart:100:9 - Undefined name 'ScaffoldMessenger'. Try correcting the name to one that is defined, or defining the name. - undefined_identifier
  error - lib\features\home\presentation\pages\edit_profile_page.dart:100:30 - Undefined name 'context'. Try correcting the name to one that is defined, or defining the name. - undefined_identifier
  error - lib\features\home\presentation\pages\edit_profile_page.dart:101:11 - The method 'SnackBar' isn't defined for the type '_EditProfilePageState'. Try correcting the name to the name of an existing method, or defining a method named 'SnackBar'. - undefined_method
  error - lib\features\home\presentation\pages\edit_profile_page.dart:102:22 - The method 'Text' isn't defined for the type '_EditProfilePageState'. Try correcting the name to the name of an existing method, or defining a method named 'Text'. - undefined_method
  error - lib\features\home\presentation\pages\edit_profile_page.dart:103:30 - Undefined name 'Colors'. Try correcting the name to one that is defined, or defining the name. - undefined_identifier
  error - lib\features\home\presentation\pages\edit_profile_page.dart:104:23 - Undefined name 'SnackBarBehavior'. Try correcting the name to one that is defined, or defining the name. - undefined_identifier
  error - lib\features\home\presentation\pages\edit_profile_page.dart:109:11 - Undefined name 'mounted'. Try correcting the name to one that is defined, or defining the name. - undefined_identifier
  error - lib\features\home\presentation\pages\edit_profile_page.dart:110:9 - The method 'setState' isn't defined for the type '_EditProfilePageState'. Try correcting the name to the name of an existing method, or defining a method named 'setState'. - undefined_method
  error - lib\features\home\presentation\pages\edit_profile_page.dart:121:11 - The method 'dispose' isn't defined in a superclass of '_EditProfilePageState'. Try correcting the name to the name of an existing method, or defining a method named 'dispose' in a superclass. - undefined_super_member
  error - lib\features\home\presentation\pages\edit_profile_page.dart:125:3 - Undefined class 'Widget'. Try changing the name to the name of an existing class, or creating a class with the name 'Widget'. - undefined_class
  error - lib\features\home\presentation\pages\edit_profile_page.dart:125:16 - Undefined class 'BuildContext'. Try changing the name to the name of an existing class, or creating a class with the name 'BuildContext'. - undefined_class
  error - lib\features\home\presentation\pages\edit_profile_page.dart:126:12 - The method 'Scaffold' isn't defined for the type '_EditProfilePageState'. Try correcting the name to the name of an existing method, or defining a method named 'Scaffold'. - undefined_method
  error - lib\features\home\presentation\pages\edit_profile_page.dart:127:30 - The name 'Color' isn't a class. Try correcting the name to match an existing class. - creation_with_non_type
  error - lib\features\home\presentation\pages\edit_profile_page.dart:128:15 - The method 'AppBar' isn't defined for the type '_EditProfilePageState'. Try correcting the name to the name of an existing method, or defining a method named 'AppBar'. - undefined_method
  error - lib\features\home\presentation\pages\edit_profile_page.dart:129:26 - Undefined name 'Colors'. Try correcting the name to one that is defined, or defining the name. - undefined_identifier
  error - lib\features\home\presentation\pages\edit_profile_page.dart:131:18 - The method 'IconButton' isn't defined for the type '_EditProfilePageState'. Try correcting the name to the name of an existing method, or defining a method named 'IconButton'. - undefined_method
  error - lib\features\home\presentation\pages\edit_profile_page.dart:132:23 - The name 'Icon' isn't a class. Try correcting the name to match an existing class. - creation_with_non_type
  error - lib\features\home\presentation\pages\edit_profile_page.dart:132:28 - Undefined name 'Icons'. Try correcting the name to one that is defined, or defining the name. - undefined_identifier
  error - lib\features\home\presentation\pages\edit_profile_page.dart:133:28 - Undefined name 'Navigator'. Try correcting the name to one that is defined, or defining the name. - undefined_identifier
  error - lib\features\home\presentation\pages\edit_profile_page.dart:135:22 - The name 'Text' isn't a class. Try correcting the name to match an existing class. - creation_with_non_type
  error - lib\features\home\presentation\pages\edit_profile_page.dart:137:18 - The method 'TextStyle' isn't defined for the type '_EditProfilePageState'. Try correcting the name to the name of an existing method, or defining a method named 'TextStyle'. - undefined_method
  error - lib\features\home\presentation\pages\edit_profile_page.dart:139:25 - Undefined name 'FontWeight'. Try correcting the name to one that is defined, or defining the name. - undefined_identifier
  error - lib\features\home\presentation\pages\edit_profile_page.dart:146:19 - The name 'Center' isn't a class. Try correcting the name to match an existing class. - creation_with_non_type
  error - lib\features\home\presentation\pages\edit_profile_page.dart:146:33 - The method 'CircularProgressIndicator' isn't defined for the type '_EditProfilePageState'. Try correcting the name to the name of an existing method, or defining a method named 'CircularProgressIndicator'. - undefined_method
  error - lib\features\home\presentation\pages\edit_profile_page.dart:147:13 - The method 'SingleChildScrollView' isn't defined for the type '_EditProfilePageState'. Try correcting the name to the name of an existing method, or defining a method named 'SingleChildScrollView'. - undefined_method
  error - lib\features\home\presentation\pages\edit_profile_page.dart:148:30 - Undefined name 'EdgeInsets'. Try correcting the name to one that is defined, or defining the name. - undefined_identifier
  error - lib\features\home\presentation\pages\edit_profile_page.dart:149:16 - The method 'Column' isn't defined for the type '_EditProfilePageState'. Try correcting the name to the name of an existing method, or defining a method named 'Column'. - undefined_method
  error - lib\features\home\presentation\pages\edit_profile_page.dart:152:13 - The method 'Center' isn't defined for the type '_EditProfilePageState'. Try correcting the name to the name of an existing method, or defining a method named 'Center'. - undefined_method
  error - lib\features\home\presentation\pages\edit_profile_page.dart:153:22 - The method 'Stack' isn't defined for the type '_EditProfilePageState'. Try correcting the name to the name of an existing method, or defining a method named 'Stack'. - undefined_method
  error - lib\features\home\presentation\pages\edit_profile_page.dart:155:19 - The method 'Container' isn't defined for the type '_EditProfilePageState'. Try correcting the name to the name of an existing method, or defining a method named 'Container'. - undefined_method
  error - lib\features\home\presentation\pages\edit_profile_page.dart:158:33 - The method 'BoxDecoration' isn't defined for the type '_EditProfilePageState'. Try correcting the name to the name of an existing method, or defining a method named 'BoxDecoration'. - undefined_method
  error - lib\features\home\presentation\pages\edit_profile_page.dart:159:30 - Undefined name 'BoxShape'. Try correcting the name to one that is defined, or defining the name. - undefined_identifier
  error - lib\features\home\presentation\pages\edit_profile_page.dart:160:36 - The name 'Color' isn't a class. Try correcting the name to match an existing class. - creation_with_non_type
  error - lib\features\home\presentation\pages\edit_profile_page.dart:161:31 - Undefined name 'Border'. Try correcting the name to one that is defined, or defining the name. - undefined_identifier
  error - lib\features\home\presentation\pages\edit_profile_page.dart:161:55 - The name 'Color' isn't a class. Try correcting the name to match an existing class. - creation_with_non_type
  error - lib\features\home\presentation\pages\edit_profile_page.dart:163:28 - The method 'Center' isn't defined for the type '_EditProfilePageState'. Try correcting the name to the name of an existing method, or defining a method named 'Center'. - undefined_method
  error - lib\features\home\presentation\pages\edit_profile_page.dart:164:30 - The method 'Text' isn't defined for the type '_EditProfilePageState'. Try correcting the name to the name of an existing method, or defining a method named 'Text'. - undefined_method
  error - lib\features\home\presentation\pages\edit_profile_page.dart:166:38 - The name 'TextStyle' isn't a class. Try correcting the name to match an existing class. - creation_with_non_type
  error - lib\features\home\presentation\pages\edit_profile_page.dart:168:39 - Undefined name 'FontWeight'. Try correcting the name to one that is defined, or defining the name. - undefined_identifier
  error - lib\features\home\presentation\pages\edit_profile_page.dart:174:19 - The method 'Positioned' isn't defined for the type '_EditProfilePageState'. Try correcting the name to the name of an existing method, or defining a method named 'Positioned'. - undefined_method
  error - lib\features\home\presentation\pages\edit_profile_page.dart:177:28 - The method 'Container' isn't defined for the type '_EditProfilePageState'. Try correcting the name to the name of an existing method, or defining a method named 'Container'. - undefined_method
  error - lib\features\home\presentation\pages\edit_profile_page.dart:180:35 - The method 'BoxDecoration' isn't defined for the type '_EditProfilePageState'. Try correcting the name to the name of an existing method, or defining a method named 'BoxDecoration'. - undefined_method
  error - lib\features\home\presentation\pages\edit_profile_page.dart:182:32 - Undefined name 'BoxShape'. Try correcting the name to one that is defined, or defining the name. - undefined_identifier
  error - lib\features\home\presentation\pages\edit_profile_page.dart:183:33 - Undefined name 'Border'. Try correcting the name to one that is defined, or defining the name. - undefined_identifier
  error - lib\features\home\presentation\pages\edit_profile_page.dart:185:36 - The name 'Icon' isn't a class. Try correcting the name to match an existing class. - creation_with_non_type
  error - lib\features\home\presentation\pages\edit_profile_page.dart:185:41 - Undefined name 'Icons'. Try correcting the name to one that is defined, or defining the name. - undefined_identifier
  error - lib\features\home\presentation\pages\edit_profile_page.dart:191:19 - The name 'SizedBox' isn't a class. Try correcting the name to match an existing class. - creation_with_non_type
  error - lib\features\home\presentation\pages\edit_profile_page.dart:194:59 - Undefined name 'Icons'. Try correcting the name to one that is defined, or defining the name. - undefined_identifier
  error - lib\features\home\presentation\pages\edit_profile_page.dart:195:19 - The name 'SizedBox' isn't a class. Try correcting the name to match an existing class. - creation_with_non_type
  error - lib\features\home\presentation\pages\edit_profile_page.dart:196:64 - Undefined name 'Icons'. Try correcting the name to one that is defined, or defining the name. - undefined_identifier
  error - lib\features\home\presentation\pages\edit_profile_page.dart:197:19 - The name 'SizedBox' isn't a class. Try correcting the name to match an existing class. - creation_with_non_type
  error - lib\features\home\presentation\pages\edit_profile_page.dart:198:63 - Undefined name 'Icons'. Try correcting the name to one that is defined, or defining the name. - undefined_identifier
  error - lib\features\home\presentation\pages\edit_profile_page.dart:199:19 - The name 'SizedBox' isn't a class. Try correcting the name to match an existing class. - creation_with_non_type
  error - lib\features\home\presentation\pages\edit_profile_page.dart:200:60 - Undefined name 'Icons'. Try correcting the name to one that is defined, or defining the name. - undefined_identifier
  error - lib\features\home\presentation\pages\edit_profile_page.dart:201:19 - The name 'SizedBox' isn't a class. Try correcting the name to match an existing class. - creation_with_non_type
  error - lib\features\home\presentation\pages\edit_profile_page.dart:204:13 - The method 'SizedBox' isn't defined for the type '_EditProfilePageState'. Try correcting the name to the name of an existing method, or defining a method named 'SizedBox'. - undefined_method
  error - lib\features\home\presentation\pages\edit_profile_page.dart:207:22 - The method 'ElevatedButton' isn't defined for the type '_EditProfilePageState'. Try correcting the name to the name of an existing method, or defining a method named 'ElevatedButton'. - undefined_method
  error - lib\features\home\presentation\pages\edit_profile_page.dart:209:24 - Undefined name 'ElevatedButton'. Try correcting the name to one that is defined, or defining the name. - undefined_identifier
  error - lib\features\home\presentation\pages\edit_profile_page.dart:213:26 - The method 'RoundedRectangleBorder' isn't defined for the type '_EditProfilePageState'. Try correcting the name to the name of an existing method, or defining a method named 'RoundedRectangleBorder'. - undefined_method
  error - lib\features\home\presentation\pages\edit_profile_page.dart:213:63 - Undefined name 'BorderRadius'. Try correcting the name to one that is defined, or defining the name. - undefined_identifier
  error - lib\features\home\presentation\pages\edit_profile_page.dart:216:29 - The name 'SizedBox' isn't a class. Try correcting the name to match an existing class. - creation_with_non_type
  error - lib\features\home\presentation\pages\edit_profile_page.dart:219:32 - The method 'CircularProgressIndicator' isn't defined for the type '_EditProfilePageState'. Try correcting the name to the name of an existing method, or defining a method named 'CircularProgressIndicator'. - undefined_method
  error - lib\features\home\presentation\pages\edit_profile_page.dart:224:29 - The name 'Text' isn't a class. Try correcting the name to match an existing class. - creation_with_non_type
  error - lib\features\home\presentation\pages\edit_profile_page.dart:226:32 - The method 'TextStyle' isn't defined for the type '_EditProfilePageState'. Try correcting the name to the name of an existing method, or defining a method named 'TextStyle'. - undefined_method
  error - lib\features\home\presentation\pages\edit_profile_page.dart:226:68 - Undefined name 'FontWeight'. Try correcting the name to one that is defined, or defining the name. - undefined_identifier
  error - lib\features\home\presentation\pages\edit_profile_page.dart:236:3 - Undefined class 'Widget'. Try changing the name to the name of an existing class, or creating a class with the name 'Widget'. - undefined_class
  error - lib\features\home\presentation\pages\edit_profile_page.dart:236:40 - Undefined class 'TextEditingController'. Try changing the name to the name of an existing class, or creating a class with the name 'TextEditingController'. - undefined_class
  error - lib\features\home\presentation\pages\edit_profile_page.dart:236:74 - Undefined class 'IconData'. Try changing the name to the name of an existing class, or creating a class with the name 'IconData'. - undefined_class
  error - lib\features\home\presentation\pages\edit_profile_page.dart:237:12 - The method 'Container' isn't defined for the type '_EditProfilePageState'. Try correcting the name to the name of an existing method, or defining a method named 'Container'. - undefined_method
  error - lib\features\home\presentation\pages\edit_profile_page.dart:238:19 - The method 'BoxDecoration' isn't defined for the type '_EditProfilePageState'. Try correcting the name to the name of an existing method, or defining a method named 'BoxDecoration'. - undefined_method
  error - lib\features\home\presentation\pages\edit_profile_page.dart:240:23 - Undefined name 'BorderRadius'. Try correcting the name to one that is defined, or defining the name. - undefined_identifier
  error - lib\features\home\presentation\pages\edit_profile_page.dart:242:11 - The method 'BoxShadow' isn't defined for the type '_EditProfilePageState'. Try correcting the name to the name of an existing method, or defining a method named 'BoxShadow'. - undefined_method
  error - lib\features\home\presentation\pages\edit_profile_page.dart:243:20 - Undefined name 'Colors'. Try correcting the name to one that is defined, or defining the name. - undefined_identifier
  error - lib\features\home\presentation\pages\edit_profile_page.dart:245:27 - The name 'Offset' isn't a class. Try correcting the name to match an existing class. - creation_with_non_type
  error - lib\features\home\presentation\pages\edit_profile_page.dart:249:14 - The method 'TextField' isn't defined for the type '_EditProfilePageState'. Try correcting the name to the name of an existing method, or defining a method named 'TextField'. - undefined_method
  error - lib\features\home\presentation\pages\edit_profile_page.dart:251:22 - The name 'TextStyle' isn't a class. Try correcting the name to match an existing class. - creation_with_non_type
  error - lib\features\home\presentation\pages\edit_profile_page.dart:251:58 - Undefined name 'FontWeight'. Try correcting the name to one that is defined, or defining the name. - undefined_identifier
  error - lib\features\home\presentation\pages\edit_profile_page.dart:252:21 - The method 'InputDecoration' isn't defined for the type '_EditProfilePageState'. Try correcting the name to the name of an existing method, or defining a method named 'InputDecoration'. - undefined_method
  error - lib\features\home\presentation\pages\edit_profile_page.dart:254:23 - The method 'TextStyle' isn't defined for the type '_EditProfilePageState'. Try correcting the name to the name of an existing method, or defining a method named 'TextStyle'. - undefined_method
  error - lib\features\home\presentation\pages\edit_profile_page.dart:258:23 - The method 'Icon' isn't defined for the type '_EditProfilePageState'. Try correcting the name to the name of an existing method, or defining a method named 'Icon'. - undefined_method
  error - lib\features\home\presentation\pages\edit_profile_page.dart:259:19 - The method 'OutlineInputBorder' isn't defined for the type '_EditProfilePageState'. Try correcting the name to the name of an existing method, or defining a method named 'OutlineInputBorder'. - undefined_method
  error - lib\features\home\presentation\pages\edit_profile_page.dart:260:27 - Undefined name 'BorderRadius'. Try correcting the name to one that is defined, or defining the name. - undefined_identifier
  error - lib\features\home\presentation\pages\edit_profile_page.dart:261:25 - Undefined name 'BorderSide'. Try correcting the name to one that is defined, or defining the name. - undefined_identifier
  error - lib\features\home\presentation\pages\edit_profile_page.dart:265:33 - Undefined name 'EdgeInsets'. Try correcting the name to one that is defined, or defining the name. - undefined_identifier
  error - lib\features\home\presentation\pages\profile_page.dart:293:51 - The returned type 'EditProfilePage' isn't returnable from a 'Widget' function, as required by the closure's context. - return_of_invalid_type_from_closure
warning - lib\core\services\api_service.dart:93:7 - Dead code. Try removing the code, or fixing the code before it so that it can be reached. - dead_code
warning - lib\features\auth\presentation\pages\sign_in_page.dart:6:8 - Unused import: 'sign_up_page.dart'. Try removing the import directive. - unused_import
warning - lib\features\home\presentation\pages\edit_profile_page.dart:9:26 - The method doesn't override an inherited method. Try updating this class to match the superclass, or removing the override annotation. - override_on_non_overriding_member
warning - lib\features\home\presentation\pages\edit_profile_page.dart:24:8 - The method doesn't override an inherited method. Try updating this class to match the superclass, or removing the override annotation. - override_on_non_overriding_member
warning - lib\features\home\presentation\pages\edit_profile_page.dart:116:8 - The method doesn't override an inherited method. Try updating this class to match the superclass, or removing the override annotation. - override_on_non_overriding_member
warning - lib\features\home\presentation\pages\edit_profile_page.dart:125:10 - The method doesn't override an inherited method. Try updating this class to match the superclass, or removing the override annotation. - override_on_non_overriding_member
warning - lib\features\home\presentation\pages\home_page.dart:71:10 - The declaration '_buildPlaceholder' isn't referenced. Try removing the declaration of '_buildPlaceholder'. - unused_element
   info - lib\core\services\api_service.dart:52:7 - Don't invoke 'print' in production code. Try using a logging framework. - avoid_print
   info - lib\core\services\api_service.dart:140:7 - Don't invoke 'print' in production code. Try using a logging framework. - avoid_print
   info - lib\core\theme\app_theme.dart:71:34 - 'withOpacity' is deprecated and shouldn't be used. Use .withValues() to avoid precision loss. Try replacing the use of the deprecated member with the replacement. - deprecated_member_use
   info - lib\core\theme\app_theme.dart:74:42 - 'withOpacity' is deprecated and shouldn't be used. Use .withValues() to avoid precision loss. Try replacing the use of the deprecated member with the replacement. - deprecated_member_use
   info - lib\core\theme\app_theme.dart:75:42 - 'withOpacity' is deprecated and shouldn't be used. Use .withValues() to avoid precision loss. Try replacing the use of the deprecated member with the replacement. - deprecated_member_use
   info - lib\features\auth\presentation\pages\enter_otp_page.dart:153:33 - 'RawKeyEvent' is deprecated and shouldn't be used. Use KeyEvent instead. This feature was deprecated after v3.18.0-2.0.pre. Try replacing the use of the deprecated member with the replacement. - deprecated_member_use
   info - lib\features\auth\presentation\pages\enter_otp_page.dart:154:18 - 'RawKeyDownEvent' is deprecated and shouldn't be used. Use KeyDownEvent instead. This feature was deprecated after v3.18.0-2.0.pre. Try replacing the use of the deprecated member with the replacement. - deprecated_member_use
   info - lib\features\auth\presentation\pages\enter_otp_page.dart:286:14 - 'RawKeyboardListener' is deprecated and shouldn't be used. Use KeyboardListener instead. This feature was deprecated after v3.18.0-2.0.pre. Try replacing the use of the deprecated member with the replacement. - deprecated_member_use
   info - lib\features\auth\presentation\pages\password_reset_success_page.dart:23:49 - 'withOpacity' is deprecated and shouldn't be used. Use .withValues() to avoid precision loss. Try replacing the use of the deprecated member with the replacement. - deprecated_member_use
   info - lib\features\auth\presentation\pages\sign_in_page.dart:50:5 - Don't invoke 'print' in production code. Try using a logging framework. - avoid_print
   info - lib\features\auth\presentation\pages\sign_in_page.dart:51:5 - Don't invoke 'print' in production code. Try using a logging framework. - avoid_print
   info - lib\features\auth\presentation\pages\sign_in_page.dart:52:5 - Don't invoke 'print' in production code. Try using a logging framework. - avoid_print
   info - lib\features\auth\presentation\pages\sign_in_page.dart:55:7 - Don't invoke 'print' in production code. Try using a logging framework. - avoid_print
   info - lib\features\auth\presentation\pages\sign_in_page.dart:64:5 - Don't invoke 'print' in production code. Try using a logging framework. - avoid_print
   info - lib\features\auth\presentation\pages\sign_in_page.dart:69:5 - Don't invoke 'print' in production code. Try using a logging framework. - avoid_print
   info - lib\features\auth\presentation\pages\sign_in_page.dart:86:11 - Don't invoke 'print' in production code. Try using a logging framework. - avoid_print
   info - lib\features\auth\presentation\pages\sign_in_page.dart:87:11 - Don't invoke 'print' in production code. Try using a logging framework. - avoid_print
   info - lib\features\auth\presentation\pages\sign_in_page.dart:108:13 - Don't use 'BuildContext's across async gaps. Try rewriting the code to not use the 'BuildContext', or guard the use with a 'mounted' check. - use_build_context_synchronously
   info - lib\features\auth\presentation\pages\sign_in_page.dart:113:11 - Don't invoke 'print' in production code. Try using a logging framework. - avoid_print
   info - lib\features\auth\presentation\pages\sign_in_page.dart:114:32 - Don't use 'BuildContext's across async gaps. Try rewriting the code to not use the 'BuildContext', or guard the use with a 'mounted' check. - use_build_context_synchronously
   info - lib\features\auth\presentation\widgets\otp_input_field.dart:59:20 - 'RawKeyEvent' is deprecated and shouldn't be used. Use KeyEvent instead. This feature was deprecated after v3.18.0-2.0.pre. Try replacing the use of the deprecated member with the replacement. - deprecated_member_use
   info - lib\features\auth\presentation\widgets\otp_input_field.dart:60:18 - 'RawKeyDownEvent' is deprecated and shouldn't be used. Use KeyDownEvent instead. This feature was deprecated after v3.18.0-2.0.pre. Try replacing the use of the deprecated member with the replacement. - deprecated_member_use
   info - lib\features\auth\presentation\widgets\otp_input_field.dart:79:18 - 'RawKeyboardListener' is deprecated and shouldn't be used. Use KeyboardListener instead. This feature was deprecated after v3.18.0-2.0.pre. Try replacing the use of the deprecated member with the replacement. - deprecated_member_use
   info - lib\features\home\presentation\pages\language_page.dart:52:37 - Unnecessary use of multiple underscores. Try using '_'. - unnecessary_underscores
   info - lib\features\home\presentation\pages\notification_preferences_page.dart:222:13 - 'activeColor' is deprecated and shouldn't be used. Use activeThumbColor instead. This feature was deprecated after v3.31.0-2.0.pre. Try replacing the use of the deprecated member with the replacement. - deprecated_member_use
   info - lib\features\home\presentation\pages\profile_page.dart:38:5 - Don't invoke 'print' in production code. Try using a logging framework. - avoid_print

143 issues found.
